// Jest Snapshot v1, https://goo.gl/fbAQLP

exports[`ARENA returns an empty arena container box 1`] = `
"






































"
`;
